// Jest Snapshot v1, https://goo.gl/fbAQLP

exports[`Config Rendering Renders the config page without file 1`] = `
<DocumentFragment>
  <div>
    <button
      data-testid="config-button"
    >
      Select config file
    </button>
  </div>
</DocumentFragment>
`;
